2023-05-23 21:05:871 INFO  CustomerLoginPage :79 - Clicking on customer login button [[ChromeDriver: chrome on WINDOWS (75d7f12e937242c8b350ebeb36ad9316)] -> xpath: //button[normalize-space()='Customer Login']]
2023-05-23 21:05:304 INFO  CustomerLoginPage :85 - Select Customer From DropDown Ann[[ChromeDriver: chrome on WINDOWS (75d7f12e937242c8b350ebeb36ad9316)] -> xpath: //select[@id='userSelect']]
2023-05-23 21:05:769 INFO  CustomerLoginPage :79 - Clicking on customer login button [[ChromeDriver: chrome on WINDOWS (7fb81e4dbc7f9e3fa7388c6882a04824)] -> xpath: //button[normalize-space()='Customer Login']]
2023-05-23 21:05:116 INFO  CustomerLoginPage :85 - Select Customer From DropDown Ann[[ChromeDriver: chrome on WINDOWS (7fb81e4dbc7f9e3fa7388c6882a04824)] -> xpath: //select[@id='userSelect']]
2023-05-23 21:05:747 INFO  HomePage :37 - Clicking on manager login link [[ChromeDriver: chrome on WINDOWS (b793891519f3e00e56692358d59368c5)] -> xpath: //button[normalize-space()='Bank Manager Login']]
2023-05-23 21:05:122 INFO  AddCustomerPage :41 - Clicking on add customer [[ChromeDriver: chrome on WINDOWS (b793891519f3e00e56692358d59368c5)] -> xpath: //button[normalize-space()='Add Customer']]
2023-05-23 21:05:478 INFO  AddCustomerPage :46 - Enter First Name Ann to first name field [[ChromeDriver: chrome on WINDOWS (b793891519f3e00e56692358d59368c5)] -> xpath: //input[@placeholder='First Name']]
2023-05-23 21:05:538 INFO  AddCustomerPage :46 - Enter First Name Ann to first name field [[ChromeDriver: chrome on WINDOWS (b793891519f3e00e56692358d59368c5)] -> xpath: //input[@placeholder='First Name']]
2023-05-23 21:05:574 INFO  AddCustomerPage :46 - Enter First Name Ann to first name field [[ChromeDriver: chrome on WINDOWS (b793891519f3e00e56692358d59368c5)] -> xpath: //input[@placeholder='First Name']]
2023-05-23 21:05:607 INFO  AddCustomerPage :61 - Clicking add customer button [[ChromeDriver: chrome on WINDOWS (b793891519f3e00e56692358d59368c5)] -> xpath: //button[normalize-space()='Add Customer']]
